Archive member included because of file (symbol)

/Users/kevinchen/pebble-dev/PebbleSDK-2.0-BETA2/Pebble/lib/libpebble.a(tmpIDurlFpebble.o)
                              src/linear.c.8.o (app_event_loop)

Allocating common symbols
Common symbol       size              file

simple_bg_layer     0x4               src/linear.c.8.o
hands_layer         0x4               src/linear.c.8.o
window              0x4               src/linear.c.8.o

Discarded input sections

 .text          0x0000000000000000        0x0 /Users/kevinchen/pebble-dev/PebbleSDK-2.0-BETA2/arm-cs-tools/bin/../lib/gcc/arm-none-eabi/4.7.2/thumb2/crti.o
 .bss           0x0000000000000000        0x0 /Users/kevinchen/pebble-dev/PebbleSDK-2.0-BETA2/arm-cs-tools/bin/../lib/gcc/arm-none-eabi/4.7.2/thumb2/crti.o
 .init          0x0000000000000000        0x4 /Users/kevinchen/pebble-dev/PebbleSDK-2.0-BETA2/arm-cs-tools/bin/../lib/gcc/arm-none-eabi/4.7.2/thumb2/crti.o
 .fini          0x0000000000000000        0x4 /Users/kevinchen/pebble-dev/PebbleSDK-2.0-BETA2/arm-cs-tools/bin/../lib/gcc/arm-none-eabi/4.7.2/thumb2/crti.o
 .text          0x0000000000000000       0xc8 /Users/kevinchen/pebble-dev/PebbleSDK-2.0-BETA2/arm-cs-tools/bin/../lib/gcc/arm-none-eabi/4.7.2/thumb2/crtbegin.o
 .bss           0x0000000000000000       0x1c /Users/kevinchen/pebble-dev/PebbleSDK-2.0-BETA2/arm-cs-tools/bin/../lib/gcc/arm-none-eabi/4.7.2/thumb2/crtbegin.o
 .init_array    0x0000000000000000        0x4 /Users/kevinchen/pebble-dev/PebbleSDK-2.0-BETA2/arm-cs-tools/bin/../lib/gcc/arm-none-eabi/4.7.2/thumb2/crtbegin.o
 .fini_array    0x0000000000000000        0x4 /Users/kevinchen/pebble-dev/PebbleSDK-2.0-BETA2/arm-cs-tools/bin/../lib/gcc/arm-none-eabi/4.7.2/thumb2/crtbegin.o
 .eh_frame      0x0000000000000000        0x0 /Users/kevinchen/pebble-dev/PebbleSDK-2.0-BETA2/arm-cs-tools/bin/../lib/gcc/arm-none-eabi/4.7.2/thumb2/crtbegin.o
 .jcr           0x0000000000000000        0x0 /Users/kevinchen/pebble-dev/PebbleSDK-2.0-BETA2/arm-cs-tools/bin/../lib/gcc/arm-none-eabi/4.7.2/thumb2/crtbegin.o
 .tm_clone_table
                0x0000000000000000        0x0 /Users/kevinchen/pebble-dev/PebbleSDK-2.0-BETA2/arm-cs-tools/bin/../lib/gcc/arm-none-eabi/4.7.2/thumb2/crtbegin.o
 .text          0x0000000000000000        0x0 src/linear.c.8.o
 .bss           0x0000000000000000        0x0 src/linear.c.8.o
 .text          0x0000000000000000        0x0 appinfo.auto.c.8.o
 .bss           0x0000000000000000        0x0 appinfo.auto.c.8.o
 .bss           0x0000000000000000        0x0 /Users/kevinchen/pebble-dev/PebbleSDK-2.0-BETA2/Pebble/lib/libpebble.a(tmpIDurlFpebble.o)
 .text.accel_data_service_subscribe
                0x0000000000000000        0xc /Users/kevinchen/pebble-dev/PebbleSDK-2.0-BETA2/Pebble/lib/libpebble.a(tmpIDurlFpebble.o)
 .text.accel_data_service_unsubscribe
                0x0000000000000000        0xc /Users/kevinchen/pebble-dev/PebbleSDK-2.0-BETA2/Pebble/lib/libpebble.a(tmpIDurlFpebble.o)
 .text.accel_service_peek
                0x0000000000000000        0xc /Users/kevinchen/pebble-dev/PebbleSDK-2.0-BETA2/Pebble/lib/libpebble.a(tmpIDurlFpebble.o)
 .text.accel_service_set_samples_per_update
                0x0000000000000000        0xc /Users/kevinchen/pebble-dev/PebbleSDK-2.0-BETA2/Pebble/lib/libpebble.a(tmpIDurlFpebble.o)
 .text.accel_service_set_sampling_rate
                0x0000000000000000        0xc /Users/kevinchen/pebble-dev/PebbleSDK-2.0-BETA2/Pebble/lib/libpebble.a(tmpIDurlFpebble.o)
 .text.accel_tap_service_subscribe
                0x0000000000000000        0xc /Users/kevinchen/pebble-dev/PebbleSDK-2.0-BETA2/Pebble/lib/libpebble.a(tmpIDurlFpebble.o)
 .text.accel_tap_service_unsubscribe
                0x0000000000000000        0xc /Users/kevinchen/pebble-dev/PebbleSDK-2.0-BETA2/Pebble/lib/libpebble.a(tmpIDurlFpebble.o)
 .text.action_bar_layer_add_to_window
                0x0000000000000000        0xc /Users/kevinchen/pebble-dev/PebbleSDK-2.0-BETA2/Pebble/lib/libpebble.a(tmpIDurlFpebble.o)
 .text.action_bar_layer_clear_icon
                0x0000000000000000        0xc /Users/kevinchen/pebble-dev/PebbleSDK-2.0-BETA2/Pebble/lib/libpebble.a(tmpIDurlFpebble.o)
 .text.action_bar_layer_create
                0x0000000000000000        0xc /Users/kevinchen/pebble-dev/PebbleSDK-2.0-BETA2/Pebble/lib/libpebble.a(tmpIDurlFpebble.o)
 .text.action_bar_layer_destroy
                0x0000000000000000        0xc /Users/kevinchen/pebble-dev/PebbleSDK-2.0-BETA2/Pebble/lib/libpebble.a(tmpIDurlFpebble.o)
 .text.action_bar_layer_get_layer
                0x0000000000000000        0xc /Users/kevinchen/pebble-dev/PebbleSDK-2.0-BETA2/Pebble/lib/libpebble.a(tmpIDurlFpebble.o)
 .text.action_bar_layer_remove_from_window
                0x0000000000000000        0xc /Users/kevinchen/pebble-dev/PebbleSDK-2.0-BETA2/Pebble/lib/libpebble.a(tmpIDurlFpebble.o)
 .text.action_bar_layer_set_background_color
                0x0000000000000000        0xc /Users/kevinchen/pebble-dev/PebbleSDK-2.0-BETA2/Pebble/lib/libpebble.a(tmpIDurlFpebble.o)
 .text.action_bar_layer_set_click_config_provider
                0x0000000000000000        0xc /Users/kevinchen/pebble-dev/PebbleSDK-2.0-BETA2/Pebble/lib/libpebble.a(tmpIDurlFpebble.o)
 .text.action_bar_layer_set_context
                0x0000000000000000        0xc /Users/kevinchen/pebble-dev/PebbleSDK-2.0-BETA2/Pebble/lib/libpebble.a(tmpIDurlFpebble.o)
 .text.action_bar_layer_set_icon
                0x0000000000000000        0xc /Users/kevinchen/pebble-dev/PebbleSDK-2.0-BETA2/Pebble/lib/libpebble.a(tmpIDurlFpebble.o)
 .text.animation_create
                0x0000000000000000        0xc /Users/kevinchen/pebble-dev/PebbleSDK-2.0-BETA2/Pebble/lib/libpebble.a(tmpIDurlFpebble.o)
 .text.animation_destroy
                0x0000000000000000        0xc /Users/kevinchen/pebble-dev/PebbleSDK-2.0-BETA2/Pebble/lib/libpebble.a(tmpIDurlFpebble.o)
 .text.animation_get_context
                0x0000000000000000        0xc /Users/kevinchen/pebble-dev/PebbleSDK-2.0-BETA2/Pebble/lib/libpebble.a(tmpIDurlFpebble.o)
 .text.animation_is_scheduled
                0x0000000000000000        0xc /Users/kevinchen/pebble-dev/PebbleSDK-2.0-BETA2/Pebble/lib/libpebble.a(tmpIDurlFpebble.o)
 .text.animation_schedule
                0x0000000000000000        0xc /Users/kevinchen/pebble-dev/PebbleSDK-2.0-BETA2/Pebble/lib/libpebble.a(tmpIDurlFpebble.o)
 .text.animation_set_curve
                0x0000000000000000        0xc /Users/kevinchen/pebble-dev/PebbleSDK-2.0-BETA2/Pebble/lib/libpebble.a(tmpIDurlFpebble.o)
 .text.animation_set_delay
                0x0000000000000000        0xc /Users/kevinchen/pebble-dev/PebbleSDK-2.0-BETA2/Pebble/lib/libpebble.a(tmpIDurlFpebble.o)
 .text.animation_set_duration
                0x0000000000000000        0xc /Users/kevinchen/pebble-dev/PebbleSDK-2.0-BETA2/Pebble/lib/libpebble.a(tmpIDurlFpebble.o)
 .text.animation_set_handlers
                0x0000000000000000        0xc /Users/kevinchen/pebble-dev/PebbleSDK-2.0-BETA2/Pebble/lib/libpebble.a(tmpIDurlFpebble.o)
 .text.animation_set_implementation
                0x0000000000000000        0xc /Users/kevinchen/pebble-dev/PebbleSDK-2.0-BETA2/Pebble/lib/libpebble.a(tmpIDurlFpebble.o)
 .text.animation_unschedule
                0x0000000000000000        0xc /Users/kevinchen/pebble-dev/PebbleSDK-2.0-BETA2/Pebble/lib/libpebble.a(tmpIDurlFpebble.o)
 .text.animation_unschedule_all
                0x0000000000000000        0xc /Users/kevinchen/pebble-dev/PebbleSDK-2.0-BETA2/Pebble/lib/libpebble.a(tmpIDurlFpebble.o)
 .text.app_comm_get_sniff_interval
                0x0000000000000000        0xc /Users/kevinchen/pebble-dev/PebbleSDK-2.0-BETA2/Pebble/lib/libpebble.a(tmpIDurlFpebble.o)
 .text.app_comm_set_sniff_interval
                0x0000000000000000        0xc /Users/kevinchen/pebble-dev/PebbleSDK-2.0-BETA2/Pebble/lib/libpebble.a(tmpIDurlFpebble.o)
 .text.app_log  0x0000000000000000        0xc /Users/kevinchen/pebble-dev/PebbleSDK-2.0-BETA2/Pebble/lib/libpebble.a(tmpIDurlFpebble.o)
 .text.app_message_deregister_callbacks
                0x0000000000000000        0xc /Users/kevinchen/pebble-dev/PebbleSDK-2.0-BETA2/Pebble/lib/libpebble.a(tmpIDurlFpebble.o)
 .text.app_message_open
                0x0000000000000000        0xc /Users/kevinchen/pebble-dev/PebbleSDK-2.0-BETA2/Pebble/lib/libpebble.a(tmpIDurlFpebble.o)
 .text.app_sync_deinit
                0x0000000000000000        0xc /Users/kevinchen/pebble-dev/PebbleSDK-2.0-BETA2/Pebble/lib/libpebble.a(tmpIDurlFpebble.o)
 .text.app_sync_get
                0x0000000000000000        0xc /Users/kevinchen/pebble-dev/PebbleSDK-2.0-BETA2/Pebble/lib/libpebble.a(tmpIDurlFpebble.o)
 .text.app_sync_init
                0x0000000000000000        0xc /Users/kevinchen/pebble-dev/PebbleSDK-2.0-BETA2/Pebble/lib/libpebble.a(tmpIDurlFpebble.o)
 .text.app_sync_set
                0x0000000000000000        0xc /Users/kevinchen/pebble-dev/PebbleSDK-2.0-BETA2/Pebble/lib/libpebble.a(tmpIDurlFpebble.o)
 .text.app_timer_cancel
                0x0000000000000000        0xc /Users/kevinchen/pebble-dev/PebbleSDK-2.0-BETA2/Pebble/lib/libpebble.a(tmpIDurlFpebble.o)
 .text.app_timer_register
                0x0000000000000000        0xc /Users/kevinchen/pebble-dev/PebbleSDK-2.0-BETA2/Pebble/lib/libpebble.a(tmpIDurlFpebble.o)
 .text.app_timer_reschedule
                0x0000000000000000        0xc /Users/kevinchen/pebble-dev/PebbleSDK-2.0-BETA2/Pebble/lib/libpebble.a(tmpIDurlFpebble.o)
 .text.atan2_lookup
                0x0000000000000000        0xc /Users/kevinchen/pebble-dev/PebbleSDK-2.0-BETA2/Pebble/lib/libpebble.a(tmpIDurlFpebble.o)
 .text.atoi     0x0000000000000000        0xc /Users/kevinchen/pebble-dev/PebbleSDK-2.0-BETA2/Pebble/lib/libpebble.a(tmpIDurlFpebble.o)
 .text.atol     0x0000000000000000        0xc /Users/kevinchen/pebble-dev/PebbleSDK-2.0-BETA2/Pebble/lib/libpebble.a(tmpIDurlFpebble.o)
 .text.battery_state_service_peek
                0x0000000000000000        0xc /Users/kevinchen/pebble-dev/PebbleSDK-2.0-BETA2/Pebble/lib/libpebble.a(tmpIDurlFpebble.o)
 .text.battery_state_service_subscribe
                0x0000000000000000        0xc /Users/kevinchen/pebble-dev/PebbleSDK-2.0-BETA2/Pebble/lib/libpebble.a(tmpIDurlFpebble.o)
 .text.battery_state_service_unsubscribe
                0x0000000000000000        0xc /Users/kevinchen/pebble-dev/PebbleSDK-2.0-BETA2/Pebble/lib/libpebble.a(tmpIDurlFpebble.o)
 .text.bitmap_layer_create
                0x0000000000000000        0xc /Users/kevinchen/pebble-dev/PebbleSDK-2.0-BETA2/Pebble/lib/libpebble.a(tmpIDurlFpebble.o)
 .text.bitmap_layer_destroy
                0x0000000000000000        0xc /Users/kevinchen/pebble-dev/PebbleSDK-2.0-BETA2/Pebble/lib/libpebble.a(tmpIDurlFpebble.o)
 .text.bitmap_layer_get_layer
                0x0000000000000000        0xc /Users/kevinchen/pebble-dev/PebbleSDK-2.0-BETA2/Pebble/lib/libpebble.a(tmpIDurlFpebble.o)
 .text.bitmap_layer_set_alignment
                0x0000000000000000        0xc /Users/kevinchen/pebble-dev/PebbleSDK-2.0-BETA2/Pebble/lib/libpebble.a(tmpIDurlFpebble.o)
 .text.bitmap_layer_set_background_color
                0x0000000000000000        0xc /Users/kevinchen/pebble-dev/PebbleSDK-2.0-BETA2/Pebble/lib/libpebble.a(tmpIDurlFpebble.o)
 .text.bitmap_layer_set_bitmap
                0x0000000000000000        0xc /Users/kevinchen/pebble-dev/PebbleSDK-2.0-BETA2/Pebble/lib/libpebble.a(tmpIDurlFpebble.o)
 .text.bitmap_layer_set_compositing_mode
                0x0000000000000000        0xc /Users/kevinchen/pebble-dev/PebbleSDK-2.0-BETA2/Pebble/lib/libpebble.a(tmpIDurlFpebble.o)
 .text.bluetooth_connection_service_peek
                0x0000000000000000        0xc /Users/kevinchen/pebble-dev/PebbleSDK-2.0-BETA2/Pebble/lib/libpebble.a(tmpIDurlFpebble.o)
 .text.bluetooth_connection_service_subscribe
                0x0000000000000000        0xc /Users/kevinchen/pebble-dev/PebbleSDK-2.0-BETA2/Pebble/lib/libpebble.a(tmpIDurlFpebble.o)
 .text.bluetooth_connection_service_unsubscribe
                0x0000000000000000        0xc /Users/kevinchen/pebble-dev/PebbleSDK-2.0-BETA2/Pebble/lib/libpebble.a(tmpIDurlFpebble.o)
 .text.click_number_of_clicks_counted
                0x0000000000000000        0xc /Users/kevinchen/pebble-dev/PebbleSDK-2.0-BETA2/Pebble/lib/libpebble.a(tmpIDurlFpebble.o)
 .text.click_recognizer_get_button_id
                0x0000000000000000        0xc /Users/kevinchen/pebble-dev/PebbleSDK-2.0-BETA2/Pebble/lib/libpebble.a(tmpIDurlFpebble.o)
 .text.clock_copy_time_string
                0x0000000000000000        0xc /Users/kevinchen/pebble-dev/PebbleSDK-2.0-BETA2/Pebble/lib/libpebble.a(tmpIDurlFpebble.o)
 .text.clock_is_24h_style
                0x0000000000000000        0xc /Users/kevinchen/pebble-dev/PebbleSDK-2.0-BETA2/Pebble/lib/libpebble.a(tmpIDurlFpebble.o)
 .text.data_logging_create
                0x0000000000000000        0xc /Users/kevinchen/pebble-dev/PebbleSDK-2.0-BETA2/Pebble/lib/libpebble.a(tmpIDurlFpebble.o)
 .text.data_logging_finish
                0x0000000000000000        0xc /Users/kevinchen/pebble-dev/PebbleSDK-2.0-BETA2/Pebble/lib/libpebble.a(tmpIDurlFpebble.o)
 .text.data_logging_log
                0x0000000000000000        0xc /Users/kevinchen/pebble-dev/PebbleSDK-2.0-BETA2/Pebble/lib/libpebble.a(tmpIDurlFpebble.o)
 .text.dict_calc_buffer_size
                0x0000000000000000        0xc /Users/kevinchen/pebble-dev/PebbleSDK-2.0-BETA2/Pebble/lib/libpebble.a(tmpIDurlFpebble.o)
 .text.dict_calc_buffer_size_from_tuplets
                0x0000000000000000        0xc /Users/kevinchen/pebble-dev/PebbleSDK-2.0-BETA2/Pebble/lib/libpebble.a(tmpIDurlFpebble.o)
 .text.dict_find
                0x0000000000000000        0xc /Users/kevinchen/pebble-dev/PebbleSDK-2.0-BETA2/Pebble/lib/libpebble.a(tmpIDurlFpebble.o)
 .text.dict_merge
                0x0000000000000000        0xc /Users/kevinchen/pebble-dev/PebbleSDK-2.0-BETA2/Pebble/lib/libpebble.a(tmpIDurlFpebble.o)
 .text.dict_read_begin_from_buffer
                0x0000000000000000        0xc /Users/kevinchen/pebble-dev/PebbleSDK-2.0-BETA2/Pebble/lib/libpebble.a(tmpIDurlFpebble.o)
 .text.dict_read_first
                0x0000000000000000        0xc /Users/kevinchen/pebble-dev/PebbleSDK-2.0-BETA2/Pebble/lib/libpebble.a(tmpIDurlFpebble.o)
 .text.dict_read_next
                0x0000000000000000        0xc /Users/kevinchen/pebble-dev/PebbleSDK-2.0-BETA2/Pebble/lib/libpebble.a(tmpIDurlFpebble.o)
 .text.dict_serialize_tuplets
                0x0000000000000000        0xc /Users/kevinchen/pebble-dev/PebbleSDK-2.0-BETA2/Pebble/lib/libpebble.a(tmpIDurlFpebble.o)
 .text.dict_serialize_tuplets_to_buffer__deprecated
                0x0000000000000000        0xc /Users/kevinchen/pebble-dev/PebbleSDK-2.0-BETA2/Pebble/lib/libpebble.a(tmpIDurlFpebble.o)
 .text.dict_serialize_tuplets_to_buffer_with_iter
                0x0000000000000000        0xc /Users/kevinchen/pebble-dev/PebbleSDK-2.0-BETA2/Pebble/lib/libpebble.a(tmpIDurlFpebble.o)
 .text.dict_write_begin
                0x0000000000000000        0xc /Users/kevinchen/pebble-dev/PebbleSDK-2.0-BETA2/Pebble/lib/libpebble.a(tmpIDurlFpebble.o)
 .text.dict_write_cstring
                0x0000000000000000        0xc /Users/kevinchen/pebble-dev/PebbleSDK-2.0-BETA2/Pebble/lib/libpebble.a(tmpIDurlFpebble.o)
 .text.dict_write_data
                0x0000000000000000        0xc /Users/kevinchen/pebble-dev/PebbleSDK-2.0-BETA2/Pebble/lib/libpebble.a(tmpIDurlFpebble.o)
 .text.dict_write_end
                0x0000000000000000        0xc /Users/kevinchen/pebble-dev/PebbleSDK-2.0-BETA2/Pebble/lib/libpebble.a(tmpIDurlFpebble.o)
 .text.dict_write_int
                0x0000000000000000        0xc /Users/kevinchen/pebble-dev/PebbleSDK-2.0-BETA2/Pebble/lib/libpebble.a(tmpIDurlFpebble.o)
 .text.dict_write_int16
                0x0000000000000000        0xc /Users/kevinchen/pebble-dev/PebbleSDK-2.0-BETA2/Pebble/lib/libpebble.a(tmpIDurlFpebble.o)
 .text.dict_write_int32
                0x0000000000000000        0xc /Users/kevinchen/pebble-dev/PebbleSDK-2.0-BETA2/Pebble/lib/libpebble.a(tmpIDurlFpebble.o)
 .text.dict_write_int8
                0x0000000000000000        0xc /Users/kevinchen/pebble-dev/PebbleSDK-2.0-BETA2/Pebble/lib/libpebble.a(tmpIDurlFpebble.o)
 .text.dict_write_tuplet
                0x0000000000000000        0xc /Users/kevinchen/pebble-dev/PebbleSDK-2.0-BETA2/Pebble/lib/libpebble.a(tmpIDurlFpebble.o)
 .text.dict_write_uint16
                0x0000000000000000        0xc /Users/kevinchen/pebble-dev/PebbleSDK-2.0-BETA2/Pebble/lib/libpebble.a(tmpIDurlFpebble.o)
 .text.dict_write_uint32
                0x0000000000000000        0xc /Users/kevinchen/pebble-dev/PebbleSDK-2.0-BETA2/Pebble/lib/libpebble.a(tmpIDurlFpebble.o)
 .text.dict_write_uint8
                0x0000000000000000        0xc /Users/kevinchen/pebble-dev/PebbleSDK-2.0-BETA2/Pebble/lib/libpebble.a(tmpIDurlFpebble.o)
 .text.fonts_get_system_font
                0x0000000000000000        0xc /Users/kevinchen/pebble-dev/PebbleSDK-2.0-BETA2/Pebble/lib/libpebble.a(tmpIDurlFpebble.o)
 .text.fonts_load_custom_font
                0x0000000000000000        0xc /Users/kevinchen/pebble-dev/PebbleSDK-2.0-BETA2/Pebble/lib/libpebble.a(tmpIDurlFpebble.o)
 .text.fonts_unload_custom_font
                0x0000000000000000        0xc /Users/kevinchen/pebble-dev/PebbleSDK-2.0-BETA2/Pebble/lib/libpebble.a(tmpIDurlFpebble.o)
 .text.free     0x0000000000000000        0xc /Users/kevinchen/pebble-dev/PebbleSDK-2.0-BETA2/Pebble/lib/libpebble.a(tmpIDurlFpebble.o)
 .text.gbitmap_create_as_sub_bitmap
                0x0000000000000000        0xc /Users/kevinchen/pebble-dev/PebbleSDK-2.0-BETA2/Pebble/lib/libpebble.a(tmpIDurlFpebble.o)
 .text.gbitmap_create_with_data
                0x0000000000000000        0xc /Users/kevinchen/pebble-dev/PebbleSDK-2.0-BETA2/Pebble/lib/libpebble.a(tmpIDurlFpebble.o)
 .text.gbitmap_create_with_resource
                0x0000000000000000        0xc /Users/kevinchen/pebble-dev/PebbleSDK-2.0-BETA2/Pebble/lib/libpebble.a(tmpIDurlFpebble.o)
 .text.gbitmap_destroy
                0x0000000000000000        0xc /Users/kevinchen/pebble-dev/PebbleSDK-2.0-BETA2/Pebble/lib/libpebble.a(tmpIDurlFpebble.o)
 .text.gmtime   0x0000000000000000        0xc /Users/kevinchen/pebble-dev/PebbleSDK-2.0-BETA2/Pebble/lib/libpebble.a(tmpIDurlFpebble.o)
 .text.gpoint_equal
                0x0000000000000000        0xc /Users/kevinchen/pebble-dev/PebbleSDK-2.0-BETA2/Pebble/lib/libpebble.a(tmpIDurlFpebble.o)
 .text.graphics_context_set_compositing_mode
                0x0000000000000000        0xc /Users/kevinchen/pebble-dev/PebbleSDK-2.0-BETA2/Pebble/lib/libpebble.a(tmpIDurlFpebble.o)
 .text.graphics_context_set_text_color
                0x0000000000000000        0xc /Users/kevinchen/pebble-dev/PebbleSDK-2.0-BETA2/Pebble/lib/libpebble.a(tmpIDurlFpebble.o)
 .text.graphics_draw_bitmap_in_rect
                0x0000000000000000        0xc /Users/kevinchen/pebble-dev/PebbleSDK-2.0-BETA2/Pebble/lib/libpebble.a(tmpIDurlFpebble.o)
 .text.graphics_draw_circle
                0x0000000000000000        0xc /Users/kevinchen/pebble-dev/PebbleSDK-2.0-BETA2/Pebble/lib/libpebble.a(tmpIDurlFpebble.o)
 .text.graphics_draw_line
                0x0000000000000000        0xc /Users/kevinchen/pebble-dev/PebbleSDK-2.0-BETA2/Pebble/lib/libpebble.a(tmpIDurlFpebble.o)
 .text.graphics_draw_pixel
                0x0000000000000000        0xc /Users/kevinchen/pebble-dev/PebbleSDK-2.0-BETA2/Pebble/lib/libpebble.a(tmpIDurlFpebble.o)
 .text.graphics_draw_rect
                0x0000000000000000        0xc /Users/kevinchen/pebble-dev/PebbleSDK-2.0-BETA2/Pebble/lib/libpebble.a(tmpIDurlFpebble.o)
 .text.graphics_draw_round_rect
                0x0000000000000000        0xc /Users/kevinchen/pebble-dev/PebbleSDK-2.0-BETA2/Pebble/lib/libpebble.a(tmpIDurlFpebble.o)
 .text.graphics_text_layout_get_max_used_size
                0x0000000000000000        0xc /Users/kevinchen/pebble-dev/PebbleSDK-2.0-BETA2/Pebble/lib/libpebble.a(tmpIDurlFpebble.o)
 .text.grect_align
                0x0000000000000000        0xc /Users/kevinchen/pebble-dev/PebbleSDK-2.0-BETA2/Pebble/lib/libpebble.a(tmpIDurlFpebble.o)
 .text.grect_clip
                0x0000000000000000        0xc /Users/kevinchen/pebble-dev/PebbleSDK-2.0-BETA2/Pebble/lib/libpebble.a(tmpIDurlFpebble.o)
 .text.grect_contains_point
                0x0000000000000000        0xc /Users/kevinchen/pebble-dev/PebbleSDK-2.0-BETA2/Pebble/lib/libpebble.a(tmpIDurlFpebble.o)
 .text.grect_crop
                0x0000000000000000        0xc /Users/kevinchen/pebble-dev/PebbleSDK-2.0-BETA2/Pebble/lib/libpebble.a(tmpIDurlFpebble.o)
 .text.grect_equal
                0x0000000000000000        0xc /Users/kevinchen/pebble-dev/PebbleSDK-2.0-BETA2/Pebble/lib/libpebble.a(tmpIDurlFpebble.o)
 .text.grect_is_empty
                0x0000000000000000        0xc /Users/kevinchen/pebble-dev/PebbleSDK-2.0-BETA2/Pebble/lib/libpebble.a(tmpIDurlFpebble.o)
 .text.grect_standardize
                0x0000000000000000        0xc /Users/kevinchen/pebble-dev/PebbleSDK-2.0-BETA2/Pebble/lib/libpebble.a(tmpIDurlFpebble.o)
 .text.gsize_equal
                0x0000000000000000        0xc /Users/kevinchen/pebble-dev/PebbleSDK-2.0-BETA2/Pebble/lib/libpebble.a(tmpIDurlFpebble.o)
 .text.inverter_layer_create
                0x0000000000000000        0xc /Users/kevinchen/pebble-dev/PebbleSDK-2.0-BETA2/Pebble/lib/libpebble.a(tmpIDurlFpebble.o)
 .text.inverter_layer_destroy
                0x0000000000000000        0xc /Users/kevinchen/pebble-dev/PebbleSDK-2.0-BETA2/Pebble/lib/libpebble.a(tmpIDurlFpebble.o)
 .text.inverter_layer_get_layer
                0x0000000000000000        0xc /Users/kevinchen/pebble-dev/PebbleSDK-2.0-BETA2/Pebble/lib/libpebble.a(tmpIDurlFpebble.o)
 .text.layer_create_with_data
                0x0000000000000000        0xc /Users/kevinchen/pebble-dev/PebbleSDK-2.0-BETA2/Pebble/lib/libpebble.a(tmpIDurlFpebble.o)
 .text.layer_get_clips
                0x0000000000000000        0xc /Users/kevinchen/pebble-dev/PebbleSDK-2.0-BETA2/Pebble/lib/libpebble.a(tmpIDurlFpebble.o)
 .text.layer_get_data
                0x0000000000000000        0xc /Users/kevinchen/pebble-dev/PebbleSDK-2.0-BETA2/Pebble/lib/libpebble.a(tmpIDurlFpebble.o)
 .text.layer_get_frame
                0x0000000000000000        0xc /Users/kevinchen/pebble-dev/PebbleSDK-2.0-BETA2/Pebble/lib/libpebble.a(tmpIDurlFpebble.o)
 .text.layer_get_hidden
                0x0000000000000000        0xc /Users/kevinchen/pebble-dev/PebbleSDK-2.0-BETA2/Pebble/lib/libpebble.a(tmpIDurlFpebble.o)
 .text.layer_get_window
                0x0000000000000000        0xc /Users/kevinchen/pebble-dev/PebbleSDK-2.0-BETA2/Pebble/lib/libpebble.a(tmpIDurlFpebble.o)
 .text.layer_insert_above_sibling
                0x0000000000000000        0xc /Users/kevinchen/pebble-dev/PebbleSDK-2.0-BETA2/Pebble/lib/libpebble.a(tmpIDurlFpebble.o)
 .text.layer_insert_below_sibling
                0x0000000000000000        0xc /Users/kevinchen/pebble-dev/PebbleSDK-2.0-BETA2/Pebble/lib/libpebble.a(tmpIDurlFpebble.o)
 .text.layer_remove_child_layers
                0x0000000000000000        0xc /Users/kevinchen/pebble-dev/PebbleSDK-2.0-BETA2/Pebble/lib/libpebble.a(tmpIDurlFpebble.o)
 .text.layer_remove_from_parent
                0x0000000000000000        0xc /Users/kevinchen/pebble-dev/PebbleSDK-2.0-BETA2/Pebble/lib/libpebble.a(tmpIDurlFpebble.o)
 .text.layer_set_bounds
                0x0000000000000000        0xc /Users/kevinchen/pebble-dev/PebbleSDK-2.0-BETA2/Pebble/lib/libpebble.a(tmpIDurlFpebble.o)
 .text.layer_set_clips
                0x0000000000000000        0xc /Users/kevinchen/pebble-dev/PebbleSDK-2.0-BETA2/Pebble/lib/libpebble.a(tmpIDurlFpebble.o)
 .text.layer_set_frame
                0x0000000000000000        0xc /Users/kevinchen/pebble-dev/PebbleSDK-2.0-BETA2/Pebble/lib/libpebble.a(tmpIDurlFpebble.o)
 .text.layer_set_hidden
                0x0000000000000000        0xc /Users/kevinchen/pebble-dev/PebbleSDK-2.0-BETA2/Pebble/lib/libpebble.a(tmpIDurlFpebble.o)
 .text.light_enable
                0x0000000000000000        0xc /Users/kevinchen/pebble-dev/PebbleSDK-2.0-BETA2/Pebble/lib/libpebble.a(tmpIDurlFpebble.o)
 .text.light_enable_interaction
                0x0000000000000000        0xc /Users/kevinchen/pebble-dev/PebbleSDK-2.0-BETA2/Pebble/lib/libpebble.a(tmpIDurlFpebble.o)
 .text.malloc   0x0000000000000000        0xc /Users/kevinchen/pebble-dev/PebbleSDK-2.0-BETA2/Pebble/lib/libpebble.a(tmpIDurlFpebble.o)
 .text.memcpy   0x0000000000000000        0xc /Users/kevinchen/pebble-dev/PebbleSDK-2.0-BETA2/Pebble/lib/libpebble.a(tmpIDurlFpebble.o)
 .text.memmove  0x0000000000000000        0xc /Users/kevinchen/pebble-dev/PebbleSDK-2.0-BETA2/Pebble/lib/libpebble.a(tmpIDurlFpebble.o)
 .text.menu_cell_basic_draw
                0x0000000000000000        0xc /Users/kevinchen/pebble-dev/PebbleSDK-2.0-BETA2/Pebble/lib/libpebble.a(tmpIDurlFpebble.o)
 .text.menu_cell_basic_header_draw
                0x0000000000000000        0xc /Users/kevinchen/pebble-dev/PebbleSDK-2.0-BETA2/Pebble/lib/libpebble.a(tmpIDurlFpebble.o)
 .text.menu_cell_title_draw
                0x0000000000000000        0xc /Users/kevinchen/pebble-dev/PebbleSDK-2.0-BETA2/Pebble/lib/libpebble.a(tmpIDurlFpebble.o)
 .text.menu_index_compare
                0x0000000000000000        0xc /Users/kevinchen/pebble-dev/PebbleSDK-2.0-BETA2/Pebble/lib/libpebble.a(tmpIDurlFpebble.o)
 .text.menu_layer_create
                0x0000000000000000        0xc /Users/kevinchen/pebble-dev/PebbleSDK-2.0-BETA2/Pebble/lib/libpebble.a(tmpIDurlFpebble.o)
 .text.menu_layer_destroy
                0x0000000000000000        0xc /Users/kevinchen/pebble-dev/PebbleSDK-2.0-BETA2/Pebble/lib/libpebble.a(tmpIDurlFpebble.o)
 .text.menu_layer_get_layer
                0x0000000000000000        0xc /Users/kevinchen/pebble-dev/PebbleSDK-2.0-BETA2/Pebble/lib/libpebble.a(tmpIDurlFpebble.o)
 .text.menu_layer_get_scroll_layer
                0x0000000000000000        0xc /Users/kevinchen/pebble-dev/PebbleSDK-2.0-BETA2/Pebble/lib/libpebble.a(tmpIDurlFpebble.o)
 .text.menu_layer_get_selected_index
                0x0000000000000000        0xc /Users/kevinchen/pebble-dev/PebbleSDK-2.0-BETA2/Pebble/lib/libpebble.a(tmpIDurlFpebble.o)
 .text.menu_layer_reload_data
                0x0000000000000000        0xc /Users/kevinchen/pebble-dev/PebbleSDK-2.0-BETA2/Pebble/lib/libpebble.a(tmpIDurlFpebble.o)
 .text.menu_layer_set_callbacks
                0x0000000000000000        0xc /Users/kevinchen/pebble-dev/PebbleSDK-2.0-BETA2/Pebble/lib/libpebble.a(tmpIDurlFpebble.o)
 .text.menu_layer_set_click_config_onto_window
                0x0000000000000000        0xc /Users/kevinchen/pebble-dev/PebbleSDK-2.0-BETA2/Pebble/lib/libpebble.a(tmpIDurlFpebble.o)
 .text.menu_layer_set_selected_index
                0x0000000000000000        0xc /Users/kevinchen/pebble-dev/PebbleSDK-2.0-BETA2/Pebble/lib/libpebble.a(tmpIDurlFpebble.o)
 .text.menu_layer_set_selected_next
                0x0000000000000000        0xc /Users/kevinchen/pebble-dev/PebbleSDK-2.0-BETA2/Pebble/lib/libpebble.a(tmpIDurlFpebble.o)
 .text.number_window_create
                0x0000000000000000        0xc /Users/kevinchen/pebble-dev/PebbleSDK-2.0-BETA2/Pebble/lib/libpebble.a(tmpIDurlFpebble.o)
 .text.number_window_destroy
                0x0000000000000000        0xc /Users/kevinchen/pebble-dev/PebbleSDK-2.0-BETA2/Pebble/lib/libpebble.a(tmpIDurlFpebble.o)
 .text.number_window_get_value
                0x0000000000000000        0xc /Users/kevinchen/pebble-dev/PebbleSDK-2.0-BETA2/Pebble/lib/libpebble.a(tmpIDurlFpebble.o)
 .text.number_window_set_label
                0x0000000000000000        0xc /Users/kevinchen/pebble-dev/PebbleSDK-2.0-BETA2/Pebble/lib/libpebble.a(tmpIDurlFpebble.o)
 .text.number_window_set_max
                0x0000000000000000        0xc /Users/kevinchen/pebble-dev/PebbleSDK-2.0-BETA2/Pebble/lib/libpebble.a(tmpIDurlFpebble.o)
 .text.number_window_set_min
                0x0000000000000000        0xc /Users/kevinchen/pebble-dev/PebbleSDK-2.0-BETA2/Pebble/lib/libpebble.a(tmpIDurlFpebble.o)
 .text.number_window_set_step_size
                0x0000000000000000        0xc /Users/kevinchen/pebble-dev/PebbleSDK-2.0-BETA2/Pebble/lib/libpebble.a(tmpIDurlFpebble.o)
 .text.number_window_set_value
                0x0000000000000000        0xc /Users/kevinchen/pebble-dev/PebbleSDK-2.0-BETA2/Pebble/lib/libpebble.a(tmpIDurlFpebble.o)
 .text.persist_delete
                0x0000000000000000        0xc /Users/kevinchen/pebble-dev/PebbleSDK-2.0-BETA2/Pebble/lib/libpebble.a(tmpIDurlFpebble.o)
 .text.persist_exists
                0x0000000000000000        0xc /Users/kevinchen/pebble-dev/PebbleSDK-2.0-BETA2/Pebble/lib/libpebble.a(tmpIDurlFpebble.o)
 .text.persist_get_size
                0x0000000000000000        0xc /Users/kevinchen/pebble-dev/PebbleSDK-2.0-BETA2/Pebble/lib/libpebble.a(tmpIDurlFpebble.o)
 .text.persist_read_bool
                0x0000000000000000        0xc /Users/kevinchen/pebble-dev/PebbleSDK-2.0-BETA2/Pebble/lib/libpebble.a(tmpIDurlFpebble.o)
 .text.persist_read_data__deprecated
                0x0000000000000000        0xc /Users/kevinchen/pebble-dev/PebbleSDK-2.0-BETA2/Pebble/lib/libpebble.a(tmpIDurlFpebble.o)
 .text.persist_read_int
                0x0000000000000000        0xc /Users/kevinchen/pebble-dev/PebbleSDK-2.0-BETA2/Pebble/lib/libpebble.a(tmpIDurlFpebble.o)
 .text.persist_read_string__deprecated
                0x0000000000000000        0xc /Users/kevinchen/pebble-dev/PebbleSDK-2.0-BETA2/Pebble/lib/libpebble.a(tmpIDurlFpebble.o)
 .text.persist_write_bool
                0x0000000000000000        0xc /Users/kevinchen/pebble-dev/PebbleSDK-2.0-BETA2/Pebble/lib/libpebble.a(tmpIDurlFpebble.o)
 .text.persist_write_data__deprecated
                0x0000000000000000        0xc /Users/kevinchen/pebble-dev/PebbleSDK-2.0-BETA2/Pebble/lib/libpebble.a(tmpIDurlFpebble.o)
 .text.persist_write_int
                0x0000000000000000        0xc /Users/kevinchen/pebble-dev/PebbleSDK-2.0-BETA2/Pebble/lib/libpebble.a(tmpIDurlFpebble.o)
 .text.persist_write_string
                0x0000000000000000        0xc /Users/kevinchen/pebble-dev/PebbleSDK-2.0-BETA2/Pebble/lib/libpebble.a(tmpIDurlFpebble.o)
 .text.property_animation_create
                0x0000000000000000        0xc /Users/kevinchen/pebble-dev/PebbleSDK-2.0-BETA2/Pebble/lib/libpebble.a(tmpIDurlFpebble.o)
 .text.property_animation_create_layer_frame
                0x0000000000000000        0xc /Users/kevinchen/pebble-dev/PebbleSDK-2.0-BETA2/Pebble/lib/libpebble.a(tmpIDurlFpebble.o)
 .text.property_animation_destroy
                0x0000000000000000        0xc /Users/kevinchen/pebble-dev/PebbleSDK-2.0-BETA2/Pebble/lib/libpebble.a(tmpIDurlFpebble.o)
 .text.property_animation_update_gpoint
                0x0000000000000000        0xc /Users/kevinchen/pebble-dev/PebbleSDK-2.0-BETA2/Pebble/lib/libpebble.a(tmpIDurlFpebble.o)
 .text.property_animation_update_grect
                0x0000000000000000        0xc /Users/kevinchen/pebble-dev/PebbleSDK-2.0-BETA2/Pebble/lib/libpebble.a(tmpIDurlFpebble.o)
 .text.property_animation_update_int16
                0x0000000000000000        0xc /Users/kevinchen/pebble-dev/PebbleSDK-2.0-BETA2/Pebble/lib/libpebble.a(tmpIDurlFpebble.o)
 .text.psleep   0x0000000000000000        0xc /Users/kevinchen/pebble-dev/PebbleSDK-2.0-BETA2/Pebble/lib/libpebble.a(tmpIDurlFpebble.o)
 .text.rand     0x0000000000000000        0xc /Users/kevinchen/pebble-dev/PebbleSDK-2.0-BETA2/Pebble/lib/libpebble.a(tmpIDurlFpebble.o)
 .text.resource_get_handle
                0x0000000000000000        0xc /Users/kevinchen/pebble-dev/PebbleSDK-2.0-BETA2/Pebble/lib/libpebble.a(tmpIDurlFpebble.o)
 .text.resource_load
                0x0000000000000000        0xc /Users/kevinchen/pebble-dev/PebbleSDK-2.0-BETA2/Pebble/lib/libpebble.a(tmpIDurlFpebble.o)
 .text.resource_load_byte_range
                0x0000000000000000        0xc /Users/kevinchen/pebble-dev/PebbleSDK-2.0-BETA2/Pebble/lib/libpebble.a(tmpIDurlFpebble.o)
 .text.resource_size
                0x0000000000000000        0xc /Users/kevinchen/pebble-dev/PebbleSDK-2.0-BETA2/Pebble/lib/libpebble.a(tmpIDurlFpebble.o)
 .text.rot_bitmap_layer_create
                0x0000000000000000        0xc /Users/kevinchen/pebble-dev/PebbleSDK-2.0-BETA2/Pebble/lib/libpebble.a(tmpIDurlFpebble.o)
 .text.rot_bitmap_layer_destroy
                0x0000000000000000        0xc /Users/kevinchen/pebble-dev/PebbleSDK-2.0-BETA2/Pebble/lib/libpebble.a(tmpIDurlFpebble.o)
 .text.rot_bitmap_layer_increment_angle
                0x0000000000000000        0xc /Users/kevinchen/pebble-dev/PebbleSDK-2.0-BETA2/Pebble/lib/libpebble.a(tmpIDurlFpebble.o)
 .text.rot_bitmap_layer_set_angle
                0x0000000000000000        0xc /Users/kevinchen/pebble-dev/PebbleSDK-2.0-BETA2/Pebble/lib/libpebble.a(tmpIDurlFpebble.o)
 .text.rot_bitmap_layer_set_corner_clip_color
                0x0000000000000000        0xc /Users/kevinchen/pebble-dev/PebbleSDK-2.0-BETA2/Pebble/lib/libpebble.a(tmpIDurlFpebble.o)
 .text.rot_bitmap_set_compositing_mode
                0x0000000000000000        0xc /Users/kevinchen/pebble-dev/PebbleSDK-2.0-BETA2/Pebble/lib/libpebble.a(tmpIDurlFpebble.o)
 .text.rot_bitmap_set_src_ic
                0x0000000000000000        0xc /Users/kevinchen/pebble-dev/PebbleSDK-2.0-BETA2/Pebble/lib/libpebble.a(tmpIDurlFpebble.o)
 .text.scroll_layer_add_child
                0x0000000000000000        0xc /Users/kevinchen/pebble-dev/PebbleSDK-2.0-BETA2/Pebble/lib/libpebble.a(tmpIDurlFpebble.o)
 .text.scroll_layer_create
                0x0000000000000000        0xc /Users/kevinchen/pebble-dev/PebbleSDK-2.0-BETA2/Pebble/lib/libpebble.a(tmpIDurlFpebble.o)
 .text.scroll_layer_destroy
                0x0000000000000000        0xc /Users/kevinchen/pebble-dev/PebbleSDK-2.0-BETA2/Pebble/lib/libpebble.a(tmpIDurlFpebble.o)
 .text.scroll_layer_get_content_offset
                0x0000000000000000        0xc /Users/kevinchen/pebble-dev/PebbleSDK-2.0-BETA2/Pebble/lib/libpebble.a(tmpIDurlFpebble.o)
 .text.scroll_layer_get_content_size
                0x0000000000000000        0xc /Users/kevinchen/pebble-dev/PebbleSDK-2.0-BETA2/Pebble/lib/libpebble.a(tmpIDurlFpebble.o)
 .text.scroll_layer_get_layer
                0x0000000000000000        0xc /Users/kevinchen/pebble-dev/PebbleSDK-2.0-BETA2/Pebble/lib/libpebble.a(tmpIDurlFpebble.o)
 .text.scroll_layer_get_shadow_hidden
                0x0000000000000000        0xc /Users/kevinchen/pebble-dev/PebbleSDK-2.0-BETA2/Pebble/lib/libpebble.a(tmpIDurlFpebble.o)
 .text.scroll_layer_scroll_down_click_handler
                0x0000000000000000        0xc /Users/kevinchen/pebble-dev/PebbleSDK-2.0-BETA2/Pebble/lib/libpebble.a(tmpIDurlFpebble.o)
 .text.scroll_layer_scroll_up_click_handler
                0x0000000000000000        0xc /Users/kevinchen/pebble-dev/PebbleSDK-2.0-BETA2/Pebble/lib/libpebble.a(tmpIDurlFpebble.o)
 .text.scroll_layer_set_callbacks
                0x0000000000000000        0xc /Users/kevinchen/pebble-dev/PebbleSDK-2.0-BETA2/Pebble/lib/libpebble.a(tmpIDurlFpebble.o)
 .text.scroll_layer_set_click_config_onto_window
                0x0000000000000000        0xc /Users/kevinchen/pebble-dev/PebbleSDK-2.0-BETA2/Pebble/lib/libpebble.a(tmpIDurlFpebble.o)
 .text.scroll_layer_set_content_offset
                0x0000000000000000        0xc /Users/kevinchen/pebble-dev/PebbleSDK-2.0-BETA2/Pebble/lib/libpebble.a(tmpIDurlFpebble.o)
 .text.scroll_layer_set_content_size
                0x0000000000000000        0xc /Users/kevinchen/pebble-dev/PebbleSDK-2.0-BETA2/Pebble/lib/libpebble.a(tmpIDurlFpebble.o)
 .text.scroll_layer_set_context
                0x0000000000000000        0xc /Users/kevinchen/pebble-dev/PebbleSDK-2.0-BETA2/Pebble/lib/libpebble.a(tmpIDurlFpebble.o)
 .text.scroll_layer_set_frame
                0x0000000000000000        0xc /Users/kevinchen/pebble-dev/PebbleSDK-2.0-BETA2/Pebble/lib/libpebble.a(tmpIDurlFpebble.o)
 .text.scroll_layer_set_shadow_hidden
                0x0000000000000000        0xc /Users/kevinchen/pebble-dev/PebbleSDK-2.0-BETA2/Pebble/lib/libpebble.a(tmpIDurlFpebble.o)
 .text.simple_menu_layer_create
                0x0000000000000000        0xc /Users/kevinchen/pebble-dev/PebbleSDK-2.0-BETA2/Pebble/lib/libpebble.a(tmpIDurlFpebble.o)
 .text.simple_menu_layer_destroy
                0x0000000000000000        0xc /Users/kevinchen/pebble-dev/PebbleSDK-2.0-BETA2/Pebble/lib/libpebble.a(tmpIDurlFpebble.o)
 .text.simple_menu_layer_get_layer
                0x0000000000000000        0xc /Users/kevinchen/pebble-dev/PebbleSDK-2.0-BETA2/Pebble/lib/libpebble.a(tmpIDurlFpebble.o)
 .text.simple_menu_layer_get_selected_index
                0x0000000000000000        0xc /Users/kevinchen/pebble-dev/PebbleSDK-2.0-BETA2/Pebble/lib/libpebble.a(tmpIDurlFpebble.o)
 .text.simple_menu_layer_set_selected_index
                0x0000000000000000        0xc /Users/kevinchen/pebble-dev/PebbleSDK-2.0-BETA2/Pebble/lib/libpebble.a(tmpIDurlFpebble.o)
 .text.snprintf
                0x0000000000000000        0xc /Users/kevinchen/pebble-dev/PebbleSDK-2.0-BETA2/Pebble/lib/libpebble.a(tmpIDurlFpebble.o)
 .text.srand    0x0000000000000000        0xc /Users/kevinchen/pebble-dev/PebbleSDK-2.0-BETA2/Pebble/lib/libpebble.a(tmpIDurlFpebble.o)
 .text.strcat   0x0000000000000000        0xc /Users/kevinchen/pebble-dev/PebbleSDK-2.0-BETA2/Pebble/lib/libpebble.a(tmpIDurlFpebble.o)
 .text.strcmp   0x0000000000000000        0xc /Users/kevinchen/pebble-dev/PebbleSDK-2.0-BETA2/Pebble/lib/libpebble.a(tmpIDurlFpebble.o)
 .text.strcpy   0x0000000000000000        0xc /Users/kevinchen/pebble-dev/PebbleSDK-2.0-BETA2/Pebble/lib/libpebble.a(tmpIDurlFpebble.o)
 .text.strftime
                0x0000000000000000        0xc /Users/kevinchen/pebble-dev/PebbleSDK-2.0-BETA2/Pebble/lib/libpebble.a(tmpIDurlFpebble.o)
 .text.strlen   0x0000000000000000        0xc /Users/kevinchen/pebble-dev/PebbleSDK-2.0-BETA2/Pebble/lib/libpebble.a(tmpIDurlFpebble.o)
 .text.strncat  0x0000000000000000        0xc /Users/kevinchen/pebble-dev/PebbleSDK-2.0-BETA2/Pebble/lib/libpebble.a(tmpIDurlFpebble.o)
 .text.strncmp  0x0000000000000000        0xc /Users/kevinchen/pebble-dev/PebbleSDK-2.0-BETA2/Pebble/lib/libpebble.a(tmpIDurlFpebble.o)
 .text.strncpy  0x0000000000000000        0xc /Users/kevinchen/pebble-dev/PebbleSDK-2.0-BETA2/Pebble/lib/libpebble.a(tmpIDurlFpebble.o)
 .text.text_layer_create
                0x0000000000000000        0xc /Users/kevinchen/pebble-dev/PebbleSDK-2.0-BETA2/Pebble/lib/libpebble.a(tmpIDurlFpebble.o)
 .text.text_layer_destroy
                0x0000000000000000        0xc /Users/kevinchen/pebble-dev/PebbleSDK-2.0-BETA2/Pebble/lib/libpebble.a(tmpIDurlFpebble.o)
 .text.text_layer_get_content_size
                0x0000000000000000        0xc /Users/kevinchen/pebble-dev/PebbleSDK-2.0-BETA2/Pebble/lib/libpebble.a(tmpIDurlFpebble.o)
 .text.text_layer_get_layer
                0x0000000000000000        0xc /Users/kevinchen/pebble-dev/PebbleSDK-2.0-BETA2/Pebble/lib/libpebble.a(tmpIDurlFpebble.o)
 .text.text_layer_get_text
                0x0000000000000000        0xc /Users/kevinchen/pebble-dev/PebbleSDK-2.0-BETA2/Pebble/lib/libpebble.a(tmpIDurlFpebble.o)
 .text.text_layer_set_background_color
                0x0000000000000000        0xc /Users/kevinchen/pebble-dev/PebbleSDK-2.0-BETA2/Pebble/lib/libpebble.a(tmpIDurlFpebble.o)
 .text.text_layer_set_font
                0x0000000000000000        0xc /Users/kevinchen/pebble-dev/PebbleSDK-2.0-BETA2/Pebble/lib/libpebble.a(tmpIDurlFpebble.o)
 .text.text_layer_set_overflow_mode
                0x0000000000000000        0xc /Users/kevinchen/pebble-dev/PebbleSDK-2.0-BETA2/Pebble/lib/libpebble.a(tmpIDurlFpebble.o)
 .text.text_layer_set_size
                0x0000000000000000        0xc /Users/kevinchen/pebble-dev/PebbleSDK-2.0-BETA2/Pebble/lib/libpebble.a(tmpIDurlFpebble.o)
 .text.text_layer_set_text
                0x0000000000000000        0xc /Users/kevinchen/pebble-dev/PebbleSDK-2.0-BETA2/Pebble/lib/libpebble.a(tmpIDurlFpebble.o)
 .text.text_layer_set_text_alignment
                0x0000000000000000        0xc /Users/kevinchen/pebble-dev/PebbleSDK-2.0-BETA2/Pebble/lib/libpebble.a(tmpIDurlFpebble.o)
 .text.text_layer_set_text_color
                0x0000000000000000        0xc /Users/kevinchen/pebble-dev/PebbleSDK-2.0-BETA2/Pebble/lib/libpebble.a(tmpIDurlFpebble.o)
 .text.tick_timer_service_init
                0x0000000000000000        0xc /Users/kevinchen/pebble-dev/PebbleSDK-2.0-BETA2/Pebble/lib/libpebble.a(tmpIDurlFpebble.o)
 .text.time_ms  0x0000000000000000        0xc /Users/kevinchen/pebble-dev/PebbleSDK-2.0-BETA2/Pebble/lib/libpebble.a(tmpIDurlFpebble.o)
 .text.vibes_cancel
                0x0000000000000000        0xc /Users/kevinchen/pebble-dev/PebbleSDK-2.0-BETA2/Pebble/lib/libpebble.a(tmpIDurlFpebble.o)
 .text.vibes_double_pulse
                0x0000000000000000        0xc /Users/kevinchen/pebble-dev/PebbleSDK-2.0-BETA2/Pebble/lib/libpebble.a(tmpIDurlFpebble.o)
 .text.vibes_enqueue_custom_pattern
                0x0000000000000000        0xc /Users/kevinchen/pebble-dev/PebbleSDK-2.0-BETA2/Pebble/lib/libpebble.a(tmpIDurlFpebble.o)
 .text.vibes_long_pulse
                0x0000000000000000        0xc /Users/kevinchen/pebble-dev/PebbleSDK-2.0-BETA2/Pebble/lib/libpebble.a(tmpIDurlFpebble.o)
 .text.vibes_short_pulse
                0x0000000000000000        0xc /Users/kevinchen/pebble-dev/PebbleSDK-2.0-BETA2/Pebble/lib/libpebble.a(tmpIDurlFpebble.o)
 .text.window_get_click_config_provider
                0x0000000000000000        0xc /Users/kevinchen/pebble-dev/PebbleSDK-2.0-BETA2/Pebble/lib/libpebble.a(tmpIDurlFpebble.o)
 .text.window_get_fullscreen
                0x0000000000000000        0xc /Users/kevinchen/pebble-dev/PebbleSDK-2.0-BETA2/Pebble/lib/libpebble.a(tmpIDurlFpebble.o)
 .text.window_is_loaded
                0x0000000000000000        0xc /Users/kevinchen/pebble-dev/PebbleSDK-2.0-BETA2/Pebble/lib/libpebble.a(tmpIDurlFpebble.o)
 .text.window_set_background_color
                0x0000000000000000        0xc /Users/kevinchen/pebble-dev/PebbleSDK-2.0-BETA2/Pebble/lib/libpebble.a(tmpIDurlFpebble.o)
 .text.window_set_click_config_provider
                0x0000000000000000        0xc /Users/kevinchen/pebble-dev/PebbleSDK-2.0-BETA2/Pebble/lib/libpebble.a(tmpIDurlFpebble.o)
 .text.window_set_click_config_provider_with_context
                0x0000000000000000        0xc /Users/kevinchen/pebble-dev/PebbleSDK-2.0-BETA2/Pebble/lib/libpebble.a(tmpIDurlFpebble.o)
 .text.window_set_fullscreen
                0x0000000000000000        0xc /Users/kevinchen/pebble-dev/PebbleSDK-2.0-BETA2/Pebble/lib/libpebble.a(tmpIDurlFpebble.o)
 .text.window_set_status_bar_icon
                0x0000000000000000        0xc /Users/kevinchen/pebble-dev/PebbleSDK-2.0-BETA2/Pebble/lib/libpebble.a(tmpIDurlFpebble.o)
 .text.window_stack_contains_window
                0x0000000000000000        0xc /Users/kevinchen/pebble-dev/PebbleSDK-2.0-BETA2/Pebble/lib/libpebble.a(tmpIDurlFpebble.o)
 .text.window_stack_get_top_window
                0x0000000000000000        0xc /Users/kevinchen/pebble-dev/PebbleSDK-2.0-BETA2/Pebble/lib/libpebble.a(tmpIDurlFpebble.o)
 .text.window_stack_pop
                0x0000000000000000        0xc /Users/kevinchen/pebble-dev/PebbleSDK-2.0-BETA2/Pebble/lib/libpebble.a(tmpIDurlFpebble.o)
 .text.window_stack_pop_all
                0x0000000000000000        0xc /Users/kevinchen/pebble-dev/PebbleSDK-2.0-BETA2/Pebble/lib/libpebble.a(tmpIDurlFpebble.o)
 .text.window_stack_remove
                0x0000000000000000        0xc /Users/kevinchen/pebble-dev/PebbleSDK-2.0-BETA2/Pebble/lib/libpebble.a(tmpIDurlFpebble.o)
 .text.app_focus_service_subscribe
                0x0000000000000000        0xc /Users/kevinchen/pebble-dev/PebbleSDK-2.0-BETA2/Pebble/lib/libpebble.a(tmpIDurlFpebble.o)
 .text.app_focus_service_unsubscribe
                0x0000000000000000        0xc /Users/kevinchen/pebble-dev/PebbleSDK-2.0-BETA2/Pebble/lib/libpebble.a(tmpIDurlFpebble.o)
 .text.window_get_user_data
                0x0000000000000000        0xc /Users/kevinchen/pebble-dev/PebbleSDK-2.0-BETA2/Pebble/lib/libpebble.a(tmpIDurlFpebble.o)
 .text.window_set_user_data
                0x0000000000000000        0xc /Users/kevinchen/pebble-dev/PebbleSDK-2.0-BETA2/Pebble/lib/libpebble.a(tmpIDurlFpebble.o)
 .text.app_message_get_context
                0x0000000000000000        0xc /Users/kevinchen/pebble-dev/PebbleSDK-2.0-BETA2/Pebble/lib/libpebble.a(tmpIDurlFpebble.o)
 .text.app_message_inbox_size_maximum
                0x0000000000000000        0xc /Users/kevinchen/pebble-dev/PebbleSDK-2.0-BETA2/Pebble/lib/libpebble.a(tmpIDurlFpebble.o)
 .text.app_message_outbox_begin
                0x0000000000000000        0xc /Users/kevinchen/pebble-dev/PebbleSDK-2.0-BETA2/Pebble/lib/libpebble.a(tmpIDurlFpebble.o)
 .text.app_message_outbox_send
                0x0000000000000000        0xc /Users/kevinchen/pebble-dev/PebbleSDK-2.0-BETA2/Pebble/lib/libpebble.a(tmpIDurlFpebble.o)
 .text.app_message_outbox_size_maximum
                0x0000000000000000        0xc /Users/kevinchen/pebble-dev/PebbleSDK-2.0-BETA2/Pebble/lib/libpebble.a(tmpIDurlFpebble.o)
 .text.app_message_register_inbox_dropped
                0x0000000000000000        0xc /Users/kevinchen/pebble-dev/PebbleSDK-2.0-BETA2/Pebble/lib/libpebble.a(tmpIDurlFpebble.o)
 .text.app_message_register_inbox_received
                0x0000000000000000        0xc /Users/kevinchen/pebble-dev/PebbleSDK-2.0-BETA2/Pebble/lib/libpebble.a(tmpIDurlFpebble.o)
 .text.app_message_register_outbox_failed
                0x0000000000000000        0xc /Users/kevinchen/pebble-dev/PebbleSDK-2.0-BETA2/Pebble/lib/libpebble.a(tmpIDurlFpebble.o)
 .text.app_message_register_outbox_sent
                0x0000000000000000        0xc /Users/kevinchen/pebble-dev/PebbleSDK-2.0-BETA2/Pebble/lib/libpebble.a(tmpIDurlFpebble.o)
 .text.app_message_set_context
                0x0000000000000000        0xc /Users/kevinchen/pebble-dev/PebbleSDK-2.0-BETA2/Pebble/lib/libpebble.a(tmpIDurlFpebble.o)
 .text.window_long_click_subscribe
                0x0000000000000000        0xc /Users/kevinchen/pebble-dev/PebbleSDK-2.0-BETA2/Pebble/lib/libpebble.a(tmpIDurlFpebble.o)
 .text.window_multi_click_subscribe
                0x0000000000000000        0xc /Users/kevinchen/pebble-dev/PebbleSDK-2.0-BETA2/Pebble/lib/libpebble.a(tmpIDurlFpebble.o)
 .text.window_raw_click_subscribe
                0x0000000000000000        0xc /Users/kevinchen/pebble-dev/PebbleSDK-2.0-BETA2/Pebble/lib/libpebble.a(tmpIDurlFpebble.o)
 .text.window_set_click_context
                0x0000000000000000        0xc /Users/kevinchen/pebble-dev/PebbleSDK-2.0-BETA2/Pebble/lib/libpebble.a(tmpIDurlFpebble.o)
 .text.window_single_click_subscribe
                0x0000000000000000        0xc /Users/kevinchen/pebble-dev/PebbleSDK-2.0-BETA2/Pebble/lib/libpebble.a(tmpIDurlFpebble.o)
 .text.window_single_repeating_click_subscribe
                0x0000000000000000        0xc /Users/kevinchen/pebble-dev/PebbleSDK-2.0-BETA2/Pebble/lib/libpebble.a(tmpIDurlFpebble.o)
 .text.graphics_draw_text
                0x0000000000000000        0xc /Users/kevinchen/pebble-dev/PebbleSDK-2.0-BETA2/Pebble/lib/libpebble.a(tmpIDurlFpebble.o)
 .text.dict_serialize_tuplets_to_buffer
                0x0000000000000000        0xc /Users/kevinchen/pebble-dev/PebbleSDK-2.0-BETA2/Pebble/lib/libpebble.a(tmpIDurlFpebble.o)
 .text.persist_read_data
                0x0000000000000000        0xc /Users/kevinchen/pebble-dev/PebbleSDK-2.0-BETA2/Pebble/lib/libpebble.a(tmpIDurlFpebble.o)
 .text.persist_read_string
                0x0000000000000000        0xc /Users/kevinchen/pebble-dev/PebbleSDK-2.0-BETA2/Pebble/lib/libpebble.a(tmpIDurlFpebble.o)
 .text.persist_write_data
                0x0000000000000000        0xc /Users/kevinchen/pebble-dev/PebbleSDK-2.0-BETA2/Pebble/lib/libpebble.a(tmpIDurlFpebble.o)
 .text          0x0000000000000000        0x0 /Users/kevinchen/pebble-dev/PebbleSDK-2.0-BETA2/arm-cs-tools/bin/../lib/gcc/arm-none-eabi/4.7.2/thumb2/crtend.o
 .bss           0x0000000000000000        0x0 /Users/kevinchen/pebble-dev/PebbleSDK-2.0-BETA2/arm-cs-tools/bin/../lib/gcc/arm-none-eabi/4.7.2/thumb2/crtend.o
 .eh_frame      0x0000000000000000        0x4 /Users/kevinchen/pebble-dev/PebbleSDK-2.0-BETA2/arm-cs-tools/bin/../lib/gcc/arm-none-eabi/4.7.2/thumb2/crtend.o
 .jcr           0x0000000000000000        0x4 /Users/kevinchen/pebble-dev/PebbleSDK-2.0-BETA2/arm-cs-tools/bin/../lib/gcc/arm-none-eabi/4.7.2/thumb2/crtend.o
 .tm_clone_table
                0x0000000000000000        0x0 /Users/kevinchen/pebble-dev/PebbleSDK-2.0-BETA2/arm-cs-tools/bin/../lib/gcc/arm-none-eabi/4.7.2/thumb2/crtend.o
 .text          0x0000000000000000        0x0 /Users/kevinchen/pebble-dev/PebbleSDK-2.0-BETA2/arm-cs-tools/bin/../lib/gcc/arm-none-eabi/4.7.2/thumb2/crtn.o
 .bss           0x0000000000000000        0x0 /Users/kevinchen/pebble-dev/PebbleSDK-2.0-BETA2/arm-cs-tools/bin/../lib/gcc/arm-none-eabi/4.7.2/thumb2/crtn.o
 .init          0x0000000000000000        0x8 /Users/kevinchen/pebble-dev/PebbleSDK-2.0-BETA2/arm-cs-tools/bin/../lib/gcc/arm-none-eabi/4.7.2/thumb2/crtn.o
 .fini          0x0000000000000000        0x8 /Users/kevinchen/pebble-dev/PebbleSDK-2.0-BETA2/arm-cs-tools/bin/../lib/gcc/arm-none-eabi/4.7.2/thumb2/crtn.o

Memory Configuration

Name             Origin             Length             Attributes
APP              0x0000000000000000 0x0000000000006000 xrw
*default*        0x0000000000000000 0xffffffffffffffff

Linker script and memory map

LOAD /Users/kevinchen/pebble-dev/PebbleSDK-2.0-BETA2/arm-cs-tools/bin/../lib/gcc/arm-none-eabi/4.7.2/thumb2/crti.o
LOAD /Users/kevinchen/pebble-dev/PebbleSDK-2.0-BETA2/arm-cs-tools/bin/../lib/gcc/arm-none-eabi/4.7.2/thumb2/crtbegin.o
LOAD src/linear.c.8.o
LOAD appinfo.auto.c.8.o
LOAD /Users/kevinchen/pebble-dev/PebbleSDK-2.0-BETA2/Pebble/lib/libpebble.a
START GROUP
LOAD /Users/kevinchen/pebble-dev/PebbleSDK-2.0-BETA2/arm-cs-tools/bin/../lib/gcc/arm-none-eabi/4.7.2/thumb2/libgcc.a
LOAD /Users/kevinchen/pebble-dev/PebbleSDK-2.0-BETA2/arm-cs-tools/bin/../lib/gcc/arm-none-eabi/4.7.2/../../../../arm-none-eabi/lib/thumb2/libc.a
END GROUP
LOAD /Users/kevinchen/pebble-dev/PebbleSDK-2.0-BETA2/arm-cs-tools/bin/../lib/gcc/arm-none-eabi/4.7.2/thumb2/crtend.o
LOAD /Users/kevinchen/pebble-dev/PebbleSDK-2.0-BETA2/arm-cs-tools/bin/../lib/gcc/arm-none-eabi/4.7.2/thumb2/crtn.o

.header         0x0000000000000000       0x82
 *(.pbl_header)
 .pbl_header    0x0000000000000000       0x82 appinfo.auto.c.8.o
                0x0000000000000000                __pbl_app_info

.text           0x0000000000000084      0x55c
 *(.text)
 .text          0x0000000000000084       0x14 /Users/kevinchen/pebble-dev/PebbleSDK-2.0-BETA2/Pebble/lib/libpebble.a(tmpIDurlFpebble.o)
 *(.text.*)
 .text.handle_second_tick
                0x0000000000000098       0x20 src/linear.c.8.o
 .text.window_unload
                0x00000000000000b8       0x2c src/linear.c.8.o
 .text.window_load
                0x00000000000000e4       0x6c src/linear.c.8.o
 .text.hands_update_proc
                0x0000000000000150      0x174 src/linear.c.8.o
 .text.bg_update_proc
                0x00000000000002c4       0xca src/linear.c.8.o
 *fill*         0x000000000000038e        0x2 
 .text.startup.main
                0x0000000000000390       0xe8 src/linear.c.8.o
                0x0000000000000390                main
 .text.app_event_loop
                0x0000000000000478        0xc /Users/kevinchen/pebble-dev/PebbleSDK-2.0-BETA2/Pebble/lib/libpebble.a(tmpIDurlFpebble.o)
                0x0000000000000478                app_event_loop
 .text.cos_lookup
                0x0000000000000484        0xc /Users/kevinchen/pebble-dev/PebbleSDK-2.0-BETA2/Pebble/lib/libpebble.a(tmpIDurlFpebble.o)
                0x0000000000000484                cos_lookup
 .text.gpath_create
                0x0000000000000490        0xc /Users/kevinchen/pebble-dev/PebbleSDK-2.0-BETA2/Pebble/lib/libpebble.a(tmpIDurlFpebble.o)
                0x0000000000000490                gpath_create
 .text.gpath_destroy
                0x000000000000049c        0xc /Users/kevinchen/pebble-dev/PebbleSDK-2.0-BETA2/Pebble/lib/libpebble.a(tmpIDurlFpebble.o)
                0x000000000000049c                gpath_destroy
 .text.gpath_draw_filled
                0x00000000000004a8        0xc /Users/kevinchen/pebble-dev/PebbleSDK-2.0-BETA2/Pebble/lib/libpebble.a(tmpIDurlFpebble.o)
                0x00000000000004a8                gpath_draw_filled
 .text.gpath_draw_outline
                0x00000000000004b4        0xc /Users/kevinchen/pebble-dev/PebbleSDK-2.0-BETA2/Pebble/lib/libpebble.a(tmpIDurlFpebble.o)
                0x00000000000004b4                gpath_draw_outline
 .text.gpath_move_to
                0x00000000000004c0        0xc /Users/kevinchen/pebble-dev/PebbleSDK-2.0-BETA2/Pebble/lib/libpebble.a(tmpIDurlFpebble.o)
                0x00000000000004c0                gpath_move_to
 .text.gpath_rotate_to
                0x00000000000004cc        0xc /Users/kevinchen/pebble-dev/PebbleSDK-2.0-BETA2/Pebble/lib/libpebble.a(tmpIDurlFpebble.o)
                0x00000000000004cc                gpath_rotate_to
 .text.graphics_context_set_fill_color
                0x00000000000004d8        0xc /Users/kevinchen/pebble-dev/PebbleSDK-2.0-BETA2/Pebble/lib/libpebble.a(tmpIDurlFpebble.o)
                0x00000000000004d8                graphics_context_set_fill_color
 .text.graphics_context_set_stroke_color
                0x00000000000004e4        0xc /Users/kevinchen/pebble-dev/PebbleSDK-2.0-BETA2/Pebble/lib/libpebble.a(tmpIDurlFpebble.o)
                0x00000000000004e4                graphics_context_set_stroke_color
 .text.graphics_fill_circle
                0x00000000000004f0        0xc /Users/kevinchen/pebble-dev/PebbleSDK-2.0-BETA2/Pebble/lib/libpebble.a(tmpIDurlFpebble.o)
                0x00000000000004f0                graphics_fill_circle
 .text.graphics_fill_rect
                0x00000000000004fc        0xc /Users/kevinchen/pebble-dev/PebbleSDK-2.0-BETA2/Pebble/lib/libpebble.a(tmpIDurlFpebble.o)
                0x00000000000004fc                graphics_fill_rect
 .text.grect_center_point
                0x0000000000000508        0xc /Users/kevinchen/pebble-dev/PebbleSDK-2.0-BETA2/Pebble/lib/libpebble.a(tmpIDurlFpebble.o)
                0x0000000000000508                grect_center_point
 .text.layer_add_child
                0x0000000000000514        0xc /Users/kevinchen/pebble-dev/PebbleSDK-2.0-BETA2/Pebble/lib/libpebble.a(tmpIDurlFpebble.o)
                0x0000000000000514                layer_add_child
 .text.layer_create
                0x0000000000000520        0xc /Users/kevinchen/pebble-dev/PebbleSDK-2.0-BETA2/Pebble/lib/libpebble.a(tmpIDurlFpebble.o)
                0x0000000000000520                layer_create
 .text.layer_destroy
                0x000000000000052c        0xc /Users/kevinchen/pebble-dev/PebbleSDK-2.0-BETA2/Pebble/lib/libpebble.a(tmpIDurlFpebble.o)
                0x000000000000052c                layer_destroy
 .text.layer_get_bounds
                0x0000000000000538        0xc /Users/kevinchen/pebble-dev/PebbleSDK-2.0-BETA2/Pebble/lib/libpebble.a(tmpIDurlFpebble.o)
                0x0000000000000538                layer_get_bounds
 .text.layer_mark_dirty
                0x0000000000000544        0xc /Users/kevinchen/pebble-dev/PebbleSDK-2.0-BETA2/Pebble/lib/libpebble.a(tmpIDurlFpebble.o)
                0x0000000000000544                layer_mark_dirty
 .text.layer_set_update_proc
                0x0000000000000550        0xc /Users/kevinchen/pebble-dev/PebbleSDK-2.0-BETA2/Pebble/lib/libpebble.a(tmpIDurlFpebble.o)
                0x0000000000000550                layer_set_update_proc
 .text.localtime
                0x000000000000055c        0xc /Users/kevinchen/pebble-dev/PebbleSDK-2.0-BETA2/Pebble/lib/libpebble.a(tmpIDurlFpebble.o)
                0x000000000000055c                localtime
 .text.memset   0x0000000000000568        0xc /Users/kevinchen/pebble-dev/PebbleSDK-2.0-BETA2/Pebble/lib/libpebble.a(tmpIDurlFpebble.o)
                0x0000000000000568                memset
 .text.sin_lookup
                0x0000000000000574        0xc /Users/kevinchen/pebble-dev/PebbleSDK-2.0-BETA2/Pebble/lib/libpebble.a(tmpIDurlFpebble.o)
                0x0000000000000574                sin_lookup
 .text.tick_timer_service_subscribe
                0x0000000000000580        0xc /Users/kevinchen/pebble-dev/PebbleSDK-2.0-BETA2/Pebble/lib/libpebble.a(tmpIDurlFpebble.o)
                0x0000000000000580                tick_timer_service_subscribe
 .text.tick_timer_service_unsubscribe
                0x000000000000058c        0xc /Users/kevinchen/pebble-dev/PebbleSDK-2.0-BETA2/Pebble/lib/libpebble.a(tmpIDurlFpebble.o)
                0x000000000000058c                tick_timer_service_unsubscribe
 .text.time     0x0000000000000598        0xc /Users/kevinchen/pebble-dev/PebbleSDK-2.0-BETA2/Pebble/lib/libpebble.a(tmpIDurlFpebble.o)
                0x0000000000000598                time
 .text.window_create
                0x00000000000005a4        0xc /Users/kevinchen/pebble-dev/PebbleSDK-2.0-BETA2/Pebble/lib/libpebble.a(tmpIDurlFpebble.o)
                0x00000000000005a4                window_create
 .text.window_destroy
                0x00000000000005b0        0xc /Users/kevinchen/pebble-dev/PebbleSDK-2.0-BETA2/Pebble/lib/libpebble.a(tmpIDurlFpebble.o)
                0x00000000000005b0                window_destroy
 .text.window_get_root_layer
                0x00000000000005bc        0xc /Users/kevinchen/pebble-dev/PebbleSDK-2.0-BETA2/Pebble/lib/libpebble.a(tmpIDurlFpebble.o)
                0x00000000000005bc                window_get_root_layer
 .text.window_set_window_handlers
                0x00000000000005c8        0xc /Users/kevinchen/pebble-dev/PebbleSDK-2.0-BETA2/Pebble/lib/libpebble.a(tmpIDurlFpebble.o)
                0x00000000000005c8                window_set_window_handlers
 .text.window_stack_push
                0x00000000000005d4        0xc /Users/kevinchen/pebble-dev/PebbleSDK-2.0-BETA2/Pebble/lib/libpebble.a(tmpIDurlFpebble.o)
                0x00000000000005d4                window_stack_push
 *(.rodata)
 *(.rodata*)

.glue_7         0x00000000000005e0        0x0
 .glue_7        0x0000000000000000        0x0 linker stubs

.glue_7t        0x00000000000005e0        0x0
 .glue_7t       0x0000000000000000        0x0 linker stubs

.vfp11_veneer   0x00000000000005e0        0x0
 .vfp11_veneer  0x0000000000000000        0x0 linker stubs

.v4_bx          0x00000000000005e0        0x0
 .v4_bx         0x0000000000000000        0x0 linker stubs

.iplt           0x00000000000005e0        0x0
 .iplt          0x0000000000000000        0x0 /Users/kevinchen/pebble-dev/PebbleSDK-2.0-BETA2/arm-cs-tools/bin/../lib/gcc/arm-none-eabi/4.7.2/thumb2/crtbegin.o

.rel.dyn        0x00000000000005e0        0x0
 .rel.iplt      0x0000000000000000        0x0 /Users/kevinchen/pebble-dev/PebbleSDK-2.0-BETA2/arm-cs-tools/bin/../lib/gcc/arm-none-eabi/4.7.2/thumb2/crtbegin.o
 .rel.got       0x0000000000000000        0x0 /Users/kevinchen/pebble-dev/PebbleSDK-2.0-BETA2/arm-cs-tools/bin/../lib/gcc/arm-none-eabi/4.7.2/thumb2/crtbegin.o

.data           0x00000000000005e0       0x2c
 *(.data)
 .data          0x00000000000005e0        0x0 /Users/kevinchen/pebble-dev/PebbleSDK-2.0-BETA2/arm-cs-tools/bin/../lib/gcc/arm-none-eabi/4.7.2/thumb2/crti.o
 .data          0x00000000000005e0        0x4 /Users/kevinchen/pebble-dev/PebbleSDK-2.0-BETA2/arm-cs-tools/bin/../lib/gcc/arm-none-eabi/4.7.2/thumb2/crtbegin.o
                0x00000000000005e0                __dso_handle
 .data          0x00000000000005e4        0x0 src/linear.c.8.o
 .data          0x00000000000005e4        0x0 appinfo.auto.c.8.o
 .data          0x00000000000005e4        0x0 /Users/kevinchen/pebble-dev/PebbleSDK-2.0-BETA2/Pebble/lib/libpebble.a(tmpIDurlFpebble.o)
 .data          0x00000000000005e4        0x0 /Users/kevinchen/pebble-dev/PebbleSDK-2.0-BETA2/arm-cs-tools/bin/../lib/gcc/arm-none-eabi/4.7.2/thumb2/crtend.o
 .data          0x00000000000005e4        0x0 /Users/kevinchen/pebble-dev/PebbleSDK-2.0-BETA2/arm-cs-tools/bin/../lib/gcc/arm-none-eabi/4.7.2/thumb2/crtn.o
 *(.data.*)
 .data.rel.ro.local.MINUTE_HAND_POINTS
                0x00000000000005e4        0x8 src/linear.c.8.o
 .data.__compound_literal.12
                0x00000000000005ec        0xc src/linear.c.8.o
 .data.__compound_literal.11
                0x00000000000005f8        0xc src/linear.c.8.o
 .data.rel.ro.local.HOUR_HAND_POINTS
                0x0000000000000604        0x8 src/linear.c.8.o

.igot.plt       0x000000000000060c        0x0
 .igot.plt      0x0000000000000000        0x0 /Users/kevinchen/pebble-dev/PebbleSDK-2.0-BETA2/arm-cs-tools/bin/../lib/gcc/arm-none-eabi/4.7.2/thumb2/crtbegin.o

.got            0x000000000000060c        0xc
 .got           0x000000000000060c        0xc /Users/kevinchen/pebble-dev/PebbleSDK-2.0-BETA2/arm-cs-tools/bin/../lib/gcc/arm-none-eabi/4.7.2/thumb2/crtbegin.o

.got.plt        0x0000000000000618        0xc
 .got.plt       0x0000000000000618        0xc /Users/kevinchen/pebble-dev/PebbleSDK-2.0-BETA2/arm-cs-tools/bin/../lib/gcc/arm-none-eabi/4.7.2/thumb2/crtbegin.o
                0x0000000000000618                _GLOBAL_OFFSET_TABLE_

.bss            0x0000000000000624       0x14
 *(.bss)
 *(.bss.*)
 .bss.minute_arrow
                0x0000000000000624        0x4 src/linear.c.8.o
 .bss.hour_arrow
                0x0000000000000628        0x4 src/linear.c.8.o
 COMMON         0x000000000000062c        0xc src/linear.c.8.o
                0x000000000000062c                simple_bg_layer
                0x0000000000000630                hands_layer
                0x0000000000000634                window

DISCARD
 libc.a(*)
 libm.a(*)
 libgcc.a(*)
 *(.eh_frame)
OUTPUT(/Users/kevinchen/Dropbox/pebble-dev/rotate/build/pebble-app.elf elf32-littlearm)

.ARM.attributes
                0x0000000000000000       0x27
 .ARM.attributes
                0x0000000000000000       0x19 /Users/kevinchen/pebble-dev/PebbleSDK-2.0-BETA2/arm-cs-tools/bin/../lib/gcc/arm-none-eabi/4.7.2/thumb2/crti.o
 .ARM.attributes
                0x0000000000000019       0x29 /Users/kevinchen/pebble-dev/PebbleSDK-2.0-BETA2/arm-cs-tools/bin/../lib/gcc/arm-none-eabi/4.7.2/thumb2/crtbegin.o
 .ARM.attributes
                0x0000000000000042       0x33 src/linear.c.8.o
 .ARM.attributes
                0x0000000000000075       0x33 appinfo.auto.c.8.o
 .ARM.attributes
                0x00000000000000a8       0x21 /Users/kevinchen/pebble-dev/PebbleSDK-2.0-BETA2/Pebble/lib/libpebble.a(tmpIDurlFpebble.o)
 .ARM.attributes
                0x00000000000000c9       0x29 /Users/kevinchen/pebble-dev/PebbleSDK-2.0-BETA2/arm-cs-tools/bin/../lib/gcc/arm-none-eabi/4.7.2/thumb2/crtend.o
 .ARM.attributes
                0x00000000000000f2       0x19 /Users/kevinchen/pebble-dev/PebbleSDK-2.0-BETA2/arm-cs-tools/bin/../lib/gcc/arm-none-eabi/4.7.2/thumb2/crtn.o

.comment        0x0000000000000000       0x4e
 .comment       0x0000000000000000       0x4e /Users/kevinchen/pebble-dev/PebbleSDK-2.0-BETA2/arm-cs-tools/bin/../lib/gcc/arm-none-eabi/4.7.2/thumb2/crtbegin.o
                                         0x4f (size before relaxing)
 .comment       0x0000000000000000       0x4f src/linear.c.8.o
 .comment       0x0000000000000000       0x4f appinfo.auto.c.8.o
 .comment       0x0000000000000000       0x4f /Users/kevinchen/pebble-dev/PebbleSDK-2.0-BETA2/arm-cs-tools/bin/../lib/gcc/arm-none-eabi/4.7.2/thumb2/crtend.o

.debug_info     0x0000000000000000     0x121f
 .debug_info    0x0000000000000000      0xed0 src/linear.c.8.o
 .debug_info    0x0000000000000ed0      0x34f appinfo.auto.c.8.o

.debug_abbrev   0x0000000000000000      0x38a
 .debug_abbrev  0x0000000000000000      0x2df src/linear.c.8.o
 .debug_abbrev  0x00000000000002df       0xab appinfo.auto.c.8.o

.debug_loc      0x0000000000000000      0x378
 .debug_loc     0x0000000000000000      0x378 src/linear.c.8.o

.debug_aranges  0x0000000000000000       0x60
 .debug_aranges
                0x0000000000000000       0x48 src/linear.c.8.o
 .debug_aranges
                0x0000000000000048       0x18 appinfo.auto.c.8.o

.debug_ranges   0x0000000000000000       0x90
 .debug_ranges  0x0000000000000000       0x90 src/linear.c.8.o

.debug_line     0x0000000000000000      0x38e
 .debug_line    0x0000000000000000      0x262 src/linear.c.8.o
 .debug_line    0x0000000000000262      0x12c appinfo.auto.c.8.o

.debug_str      0x0000000000000000      0x859
 .debug_str     0x0000000000000000      0x63b src/linear.c.8.o
                                        0x6bf (size before relaxing)
 .debug_str     0x000000000000063b      0x21e appinfo.auto.c.8.o
                                        0x31f (size before relaxing)

.debug_frame    0x0000000000000000       0xd0
 .debug_frame   0x0000000000000000       0xd0 src/linear.c.8.o
